{smcl}
{com}{sf}{ul off}{txt}{.-}
       log:  {res}C:\Documents and Settings\R\Desktop\2.with Nielson\Aid and Civil Conflict\AJPS analysis\make UN SC member data.smcl
  {txt}log type:  {res}smcl
 {txt}opened on:  {res}16 Feb 2010, 22:03:58

{com}. use "C:\Documents and Settings\R\Desktop\2.with Nielson\Aid and Civil Conflict\Post-JOP analysis\cwdata.dta"

. keep countryname year

. sort countryname year

. edit
{txt}- preserve

{com}. keep countryname

. duplicates drop

{p 0 4}{txt}Duplicates in terms of {txt} all variables{p_end}

(3184 observations deleted)

{com}. edit
{txt}- preserve

{com}. save "C:\Documents and Settings\R\Desktop\2.with Nielson\Aid and Civil Conflict\AJPS analysis\list of countries.dta"
{txt}file C:\Documents and Settings\R\Desktop\2.with Nielson\Aid and Civil Conflict\AJPS analysis\list of countries.dta saved

{com}. pwd
{res}C:\Documents and Settings\R\Desktop\Aid Effectiveness Book\temp stuff from R drive

{com}. * then in R I made the blank tscs dataset called "blankdata.csv"

. clear

. insheet using "blankdata.csv", clear names
{err}{p 0 4}
file blankdata.csv
not found
{p_end}
{txt}{search r(601):r(601);}

{com}. cd "C:\Documents and Settings\R\Desktop\2.with Nielson\Aid and Civil Conflict\AJPS analysis"
{res}C:\Documents and Settings\R\Desktop\2.with Nielson\Aid and Civil Conflict\AJPS analysis

{com}. insheet using "blankdata.csv", clear names
{txt}(3 vars, 9782 obs)

{com}. * I got the data on years countries were in the SC from here: http://www.un.org/sc/list_eng5.asp

. rename c countryname

. rename y year

. edit
{txt}- preserve
- gen byte var4 = 1 in 158
- replace var4 = 1 in 159
- replace var4 = 1 in 178
- replace var4 = 1 in 179
- replace var4 = 1 in 194
- replace var4 = 1 in 195
- replace var4 = 1 in 260
- replace var4 = 1 in 261
- replace var4 = 1 in 272
- replace var4 = 1 in 273
- replace var4 = 1 in 283
- replace var4 = 1 in 284
- replace var4 = 1 in 290
- replace var4 = 1 in 291
- replace var4 = 1 in 295
- replace var4 = 1 in 296
- replace var4 = 1 in 311
- replace var4 = 1 in 312
- replace var4 = 1 in 318
- replace var4 = 1 in 319
- replace var4 = 1 in 323
- replace var4 = 1 in 324
- replace var4 = 1 in 329
- replace var4 = 1 in 330
- replace var4 = 1 in 404
- replace var4 = 1 in 405
- replace var4 = 1 in 414
- replace var4 = 1 in 415
- replace var4 = 1 in 431
- replace var4 = 1 in 432
- replace var4 = 1 in 443
- replace var4 = 1 in 444
- replace var4 = 1 in 498
- replace var4 = 1 in 499
- replace var4 = 1 in 516
- replace var4 = 1 in 517
- replace var4 = 1 in 534
- replace var4 = 1 in 535
- replace var4 = 1 in 657
- replace var4 = 1 in 658
- replace var4 = 1 in 705
- replace var4 = 1 in 706
- replace var4 = 1 in 726
- replace var4 = 1 in 727
- replace var4 = 1 in 767
- replace var4 = 1 in 768
- replace var4 = 1 in 807
- replace var4 = 1 in 808
- replace var4 = 1 in 815
- replace var4 = 1 in 816
- replace var4 = 1 in 831
- replace var4 = 1 in 832
- replace var4 = 1 in 851
- replace var4 = 1 in 852
- replace var4 = 1 in 867
- replace var4 = 1 in 868
- replace var4 = 1 in 903
- replace var4 = 1 in 904
- replace var4 = 1 in 931
- replace var4 = 1 in 932
- replace var4 = 1 in 1025
- replace var4 = 1 in 1026
- replace var4 = 1 in 1039
- replace var4 = 1 in 1040

{com}. tab countryname

                            {txt}countryname {c |}      Freq.     Percent        Cum.
{hline 40}{c +}{hline 35}
                            Afghanistan {c |}{res}         67        0.68        0.68
                                {txt}Albania {c |}{res}         67        0.68        1.37
                                {txt}Algeria {c |}{res}         67        0.68        2.05
                                 {txt}Angola {c |}{res}         67        0.68        2.74
                              {txt}Argentina {c |}{res}         67        0.68        3.42
                                {txt}Armenia {c |}{res}         67        0.68        4.11
                              {txt}Australia {c |}{res}         67        0.68        4.79
                                {txt}Austria {c |}{res}         67        0.68        5.48
                             {txt}Azerbaijan {c |}{res}         67        0.68        6.16
                                {txt}Bahrain {c |}{res}         67        0.68        6.85
                             {txt}Bangladesh {c |}{res}         67        0.68        7.53
                  {txt}Belarus (Byelorussia) {c |}{res}         67        0.68        8.22
                                {txt}Belgium {c |}{res}         67        0.68        8.90
                                  {txt}Benin {c |}{res}         67        0.68        9.59
                                 {txt}Bhutan {c |}{res}         67        0.68       10.27
                                {txt}Bolivia {c |}{res}         67        0.68       10.96
                               {txt}Botswana {c |}{res}         67        0.68       11.64
                                 {txt}Brazil {c |}{res}         67        0.68       12.33
                               {txt}Bulgaria {c |}{res}         67        0.68       13.01
             {txt}Burkina Faso (Upper Volta) {c |}{res}         67        0.68       13.70
                                {txt}Burundi {c |}{res}         67        0.68       14.38
                   {txt}Cambodia (Kampuchea) {c |}{res}         67        0.68       15.07
                               {txt}Cameroon {c |}{res}         67        0.68       15.75
                                 {txt}Canada {c |}{res}         67        0.68       16.44
               {txt}Central African Republic {c |}{res}         67        0.68       17.12
                                   {txt}Chad {c |}{res}         67        0.68       17.81
                                  {txt}Chile {c |}{res}         67        0.68       18.49
                                  {txt}China {c |}{res}         67        0.68       19.18
                                  {txt}Congo {c |}{res}         67        0.68       19.86
  {txt}Congo, Democratic Republic of (Zaire) {c |}{res}         67        0.68       20.55
                             {txt}Costa Rica {c |}{res}         67        0.68       21.23
                          {txt}Cote D'Ivoire {c |}{res}         67        0.68       21.92
                                {txt}Croatia {c |}{res}         67        0.68       22.60
                                   {txt}Cuba {c |}{res}         67        0.68       23.29
                                 {txt}Cyprus {c |}{res}         67        0.68       23.97
                         {txt}Czechoslovakia {c |}{res}         67        0.68       24.66
                                {txt}Denmark {c |}{res}         67        0.68       25.34
                               {txt}Djibouti {c |}{res}         67        0.68       26.03
                     {txt}Dominican Republic {c |}{res}         67        0.68       26.71
                                {txt}Ecuador {c |}{res}         67        0.68       27.40
                                  {txt}Egypt {c |}{res}         67        0.68       28.08
                            {txt}El Salvador {c |}{res}         67        0.68       28.77
                                {txt}Eritrea {c |}{res}         67        0.68       29.45
                                {txt}Estonia {c |}{res}         67        0.68       30.14
                               {txt}Ethiopia {c |}{res}         67        0.68       30.82
                                   {txt}Fiji {c |}{res}         67        0.68       31.51
                                {txt}Finland {c |}{res}         67        0.68       32.19
                                 {txt}France {c |}{res}         67        0.68       32.88
                                  {txt}Gabon {c |}{res}         67        0.68       33.56
                                 {txt}Gambia {c |}{res}         67        0.68       34.25
                                {txt}Georgia {c |}{res}         67        0.68       34.93
                {txt}German Federal Republic {c |}{res}         67        0.68       35.62
                                  {txt}Ghana {c |}{res}         67        0.68       36.30
                                 {txt}Greece {c |}{res}         67        0.68       36.99
                              {txt}Guatemala {c |}{res}         67        0.68       37.67
                                 {txt}Guinea {c |}{res}         67        0.68       38.36
                          {txt}Guinea-Bissau {c |}{res}         67        0.68       39.04
                                 {txt}Guyana {c |}{res}         67        0.68       39.73
                                  {txt}Haiti {c |}{res}         67        0.68       40.41
                               {txt}Honduras {c |}{res}         67        0.68       41.10
                                {txt}Hungary {c |}{res}         67        0.68       41.78
                                  {txt}India {c |}{res}         67        0.68       42.47
                              {txt}Indonesia {c |}{res}         67        0.68       43.15
                          {txt}Iran (Persia) {c |}{res}         67        0.68       43.84
                                   {txt}Iraq {c |}{res}         67        0.68       44.52
                                {txt}Ireland {c |}{res}         67        0.68       45.21
                         {txt}Italy/Sardinia {c |}{res}         67        0.68       45.89
                                {txt}Jamaica {c |}{res}         67        0.68       46.58
                                  {txt}Japan {c |}{res}         67        0.68       47.26
                                 {txt}Jordan {c |}{res}         67        0.68       47.95
                             {txt}Kazakhstan {c |}{res}         67        0.68       48.63
                                  {txt}Kenya {c |}{res}         67        0.68       49.32
                     {txt}Korea, Republic of {c |}{res}         67        0.68       50.00
                                 {txt}Kuwait {c |}{res}         67        0.68       50.68
                        {txt}Kyrgyz Republic {c |}{res}         67        0.68       51.37
                                   {txt}Laos {c |}{res}         67        0.68       52.05
                                 {txt}Latvia {c |}{res}         67        0.68       52.74
                                {txt}Lebanon {c |}{res}         67        0.68       53.42
                                {txt}Lesotho {c |}{res}         67        0.68       54.11
                                {txt}Liberia {c |}{res}         67        0.68       54.79
                                  {txt}Libya {c |}{res}         67        0.68       55.48
                              {txt}Lithuania {c |}{res}         67        0.68       56.16
{txt}Macedonia (Former Yugoslav Republic of) {c |}{res}         67        0.68       56.85
                                 {txt}Malawi {c |}{res}         67        0.68       57.53
                               {txt}Malaysia {c |}{res}         67        0.68       58.22
                                   {txt}Mali {c |}{res}         67        0.68       58.90
                             {txt}Mauritania {c |}{res}         67        0.68       59.59
                              {txt}Mauritius {c |}{res}         67        0.68       60.27
                                 {txt}Mexico {c |}{res}         67        0.68       60.96
                                {txt}Moldova {c |}{res}         67        0.68       61.64
                               {txt}Mongolia {c |}{res}         67        0.68       62.33
                                {txt}Morocco {c |}{res}         67        0.68       63.01
                             {txt}Mozambique {c |}{res}         67        0.68       63.70
                        {txt}Myanmar (Burma) {c |}{res}         67        0.68       64.38
                                {txt}Namibia {c |}{res}         67        0.68       65.07
                                  {txt}Nepal {c |}{res}         67        0.68       65.75
                            {txt}Netherlands {c |}{res}         67        0.68       66.44
                            {txt}New Zealand {c |}{res}         67        0.68       67.12
                              {txt}Nicaragua {c |}{res}         67        0.68       67.81
                                  {txt}Niger {c |}{res}         67        0.68       68.49
                                {txt}Nigeria {c |}{res}         67        0.68       69.18
                                 {txt}Norway {c |}{res}         67        0.68       69.86
                                   {txt}Oman {c |}{res}         67        0.68       70.55
                               {txt}Pakistan {c |}{res}         67        0.68       71.23
                                 {txt}Panama {c |}{res}         67        0.68       71.92
                       {txt}Papua New Guinea {c |}{res}         67        0.68       72.60
                               {txt}Paraguay {c |}{res}         67        0.68       73.29
                                   {txt}Peru {c |}{res}         67        0.68       73.97
                                 {txt}Poland {c |}{res}         67        0.68       74.66
                               {txt}Portugal {c |}{res}         67        0.68       75.34
                                {txt}Rumania {c |}{res}         67        0.68       76.03
                  {txt}Russia (Soviet Union) {c |}{res}         67        0.68       76.71
                                 {txt}Rwanda {c |}{res}         67        0.68       77.40
                           {txt}Saudi Arabia {c |}{res}         67        0.68       78.08
                                {txt}Senegal {c |}{res}         67        0.68       78.77
                           {txt}Sierra Leone {c |}{res}         67        0.68       79.45
                              {txt}Singapore {c |}{res}         67        0.68       80.14
                               {txt}Slovakia {c |}{res}         67        0.68       80.82
                               {txt}Slovenia {c |}{res}         67        0.68       81.51
                                {txt}Somalia {c |}{res}         67        0.68       82.19
                           {txt}South Africa {c |}{res}         67        0.68       82.88
                                  {txt}Spain {c |}{res}         67        0.68       83.56
                     {txt}Sri Lanka (Ceylon) {c |}{res}         67        0.68       84.25
                                  {txt}Sudan {c |}{res}         67        0.68       84.93
                              {txt}Swaziland {c |}{res}         67        0.68       85.62
                                 {txt}Sweden {c |}{res}         67        0.68       86.30
                            {txt}Switzerland {c |}{res}         67        0.68       86.99
                                  {txt}Syria {c |}{res}         67        0.68       87.67
                             {txt}Tajikistan {c |}{res}         67        0.68       88.36
                    {txt}Tanzania/Tanganyika {c |}{res}         67        0.68       89.04
                               {txt}Thailand {c |}{res}         67        0.68       89.73
                                   {txt}Togo {c |}{res}         67        0.68       90.41
                    {txt}Trinidad and Tobago {c |}{res}         67        0.68       91.10
                                {txt}Tunisia {c |}{res}         67        0.68       91.78
                  {txt}Turkey/Ottoman Empire {c |}{res}         67        0.68       92.47
                           {txt}Turkmenistan {c |}{res}         67        0.68       93.15
                                 {txt}Uganda {c |}{res}         67        0.68       93.84
                                {txt}Ukraine {c |}{res}         67        0.68       94.52
                         {txt}United Kingdom {c |}{res}         67        0.68       95.21
               {txt}United States of America {c |}{res}         67        0.68       95.89
                                {txt}Uruguay {c |}{res}         67        0.68       96.58
                             {txt}Uzbekistan {c |}{res}         67        0.68       97.26
                              {txt}Venezuela {c |}{res}         67        0.68       97.95
                    {txt}Yugoslavia (Serbia) {c |}{res}         67        0.68       98.63
                                 {txt}Zambia {c |}{res}         67        0.68       99.32
                    {txt}Zimbabwe (Rhodesia) {c |}{res}         67        0.68      100.00
{txt}{hline 40}{c +}{hline 35}
                                  Total {c |}{res}      9,782      100.00

{com}. edit
{txt}- preserve
(1 var, 67 obs pasted into editor)
- replace countryname = "Bosnia and Herzegovina" in 9783
- replace countryname = "Bosnia and Herzegovina" in 9784
- replace countryname = "Bosnia and Herzegovina" in 9785
- replace countryname = "Bosnia and Herzegovina" in 9786
- replace countryname = "Bosnia and Herzegovina" in 9787
- replace countryname = "Bosnia and Herzegovina" in 9788
- replace countryname = "Bosnia and Herzegovina" in 9789
- replace countryname = "Bosnia and Herzegovina" in 9790
- replace countryname = "Bosnia and Herzegovina" in 9791
- replace countryname = "Bosnia and Herzegovina" in 9792
- replace countryname = "Bosnia and Herzegovina" in 9793
- replace countryname = "Bosnia and Herzegovina" in 9794
- replace countryname = "Bosnia and Herzegovina" in 9795
- replace countryname = "Bosnia and Herzegovina" in 9796
- replace countryname = "Bosnia and Herzegovina" in 9797
- replace countryname = "Bosnia and Herzegovina" in 9798
- replace countryname = "Bosnia and Herzegovina" in 9799
- replace countryname = "Bosnia and Herzegovina" in 9800
- replace countryname = "Bosnia and Herzegovina" in 9801
- replace countryname = "Bosnia and Herzegovina" in 9802
- replace countryname = "Bosnia and Herzegovina" in 9803
- replace countryname = "Bosnia and Herzegovina" in 9804
- replace countryname = "Bosnia and Herzegovina" in 9805
- replace countryname = "Bosnia and Herzegovina" in 9806
- replace countryname = "Bosnia and Herzegovina" in 9807
- replace countryname = "Bosnia and Herzegovina" in 9808
- replace countryname = "Bosnia and Herzegovina" in 9809
- replace countryname = "Bosnia and Herzegovina" in 9810
- replace countryname = "Bosnia and Herzegovina" in 9811
- replace countryname = "Bosnia and Herzegovina" in 9812
- replace countryname = "Bosnia and Herzegovina" in 9813
- replace countryname = "Bosnia and Herzegovina" in 9814
- replace countryname = "Bosnia and Herzegovina" in 9815
- replace countryname = "Bosnia and Herzegovina" in 9816
- replace countryname = "Bosnia and Herzegovina" in 9817
- replace countryname = "Bosnia and Herzegovina" in 9818
- replace countryname = "Bosnia and Herzegovina" in 9819
- replace countryname = "Bosnia and Herzegovina" in 9820
- replace countryname = "Bosnia and Herzegovina" in 9821
- replace countryname = "Bosnia and Herzegovina" in 9822
- replace countryname = "Bosnia and Herzegovina" in 9823
- replace countryname = "Bosnia and Herzegovina" in 9824
- replace countryname = "Bosnia and Herzegovina" in 9825
- replace countryname = "Bosnia and Herzegovina" in 9826
- replace countryname = "Bosnia and Herzegovina" in 9827
- replace countryname = "Bosnia and Herzegovina" in 9828
- replace countryname = "Bosnia and Herzegovina" in 9829
- replace countryname = "Bosnia and Herzegovina" in 9830
- replace countryname = "Bosnia and Herzegovina" in 9831
- replace countryname = "Bosnia and Herzegovina" in 9832
- replace countryname = "Bosnia and Herzegovina" in 9833
- replace countryname = "Bosnia and Herzegovina" in 9834
- replace countryname = "Bosnia and Herzegovina" in 9835
- replace countryname = "Bosnia and Herzegovina" in 9836
- replace countryname = "Bosnia and Herzegovina" in 9837
- replace countryname = "Bosnia and Herzegovina" in 9838
- replace countryname = "Bosnia and Herzegovina" in 9839
- replace countryname = "Bosnia and Herzegovina" in 9840
- replace countryname = "Bosnia and Herzegovina" in 9841
- replace countryname = "Bosnia and Herzegovina" in 9842
- replace countryname = "Bosnia and Herzegovina" in 9843
- replace countryname = "Bosnia and Herzegovina" in 9844
- replace countryname = "Bosnia and Herzegovina" in 9845
- replace countryname = "Bosnia and Herzegovina" in 9846
- replace countryname = "Bosnia and Herzegovina" in 9847
- replace countryname = "Bosnia and Herzegovina" in 9848
- replace countryname = "Bosnia and Herzegovina" in 9849
- replace var4 = 1 in 9848
- replace var4 = 1 in 9849

{com}. ** Bosnia and Herzegovina wasn't in the dataset so I added it

. sort countryname year

. edit
{txt}- preserve
- replace var4 = 1 in 1190
- replace var4 = 1 in 1191
- replace var4 = 1 in 1208
- replace var4 = 1 in 1209
- replace var4 = 1 in 1213
- replace var4 = 1 in 1214
- replace var4 = 1 in 1216
- replace var4 = 1 in 1217
- replace var4 = 1 in 1225
- replace var4 = 1 in 1226
- replace var4 = 1 in 1229
- replace var4 = 1 in 1230
- replace var4 = 1 in 1250
- replace var4 = 1 in 1251
- replace var4 = 1 in 1255
- replace var4 = 1 in 1256
- replace var4 = 1 in 1260
- replace var4 = 1 in 1261
- replace var4 = 1 in 1266
- replace var4 = 1 in 1267
- replace var4 = 1 in 1272
- replace var4 = 1 in 1273
- replace var4 = 1 in 1295
- replace var4 = 1 in 1296
- replace var4 = 1 in 1315
- replace var4 = 1 in 1316
- replace var4 = 1 in 1331
- replace var4 = 1 in 1332
- replace var4 = 1 in 1380
- replace var4 = 1 in 1381
- replace var4 = 1 in 1404
- replace var4 = 1 in 1405
- replace var4 = 1 in 1433
- replace var4 = 1 in 1434
- replace var4 = 1 in 1437
- replace var4 = . in 1437
- replace var4 = 1 in 1571
- replace var4 = 1 in 1572
- replace var4 = 1 in 1599
- replace var4 = 1 in 1600
- replace var4 = 1 in 1612
- replace var4 = 1 in 1613
- replace var4 = 1 in 1622
- replace var4 = 1 in 1623
- replace var4 = 1 in 1631
- replace var4 = 1 in 1632
- replace var4 = 1 in 1641
- replace var4 = 1 in 1642
- replace var4 = 1 in 1653
- replace var4 = 1 in 1654
- replace var4 = 1 in 1663
- replace var4 = 1 in 1664
(1 var, 67 obs pasted into editor)
- replace countryname = "Cape Verde" in 9850
- replace countryname = "Cape Verde" in 9851
- replace countryname = "Cape Verde" in 9852
- replace countryname = "Cape Verde" in 9853
- replace countryname = "Cape Verde" in 9854
- replace countryname = "Cape Verde" in 9855
- replace countryname = "Cape Verde" in 9856
- replace countryname = "Cape Verde" in 9857
- replace countryname = "Cape Verde" in 9858
- replace countryname = "Cape Verde" in 9859
- replace countryname = "Cape Verde" in 9860
- replace countryname = "Cape Verde" in 9861
- replace countryname = "Cape Verde" in 9862
- replace countryname = "Cape Verde" in 9863
- replace countryname = "Cape Verde" in 9864
- replace countryname = "Cape Verde" in 9865
- replace countryname = "Cape Verde" in 9866
- replace countryname = "Cape Verde" in 9867
- replace countryname = "Cape Verde" in 9868
- replace countryname = "Cape Verde" in 9869
- replace countryname = "Cape Verde" in 9870
- replace countryname = "Cape Verde" in 9871
- replace countryname = "Cape Verde" in 9872
- replace countryname = "Cape Verde" in 9873
- replace countryname = "Cape Verde" in 9874
- replace countryname = "Cape Verde" in 9875
- replace countryname = "Cape Verde" in 9876
- replace countryname = "Cape Verde" in 9877
- replace countryname = "Cape Verde" in 9878
- replace countryname = "Cape Verde" in 9879
- replace countryname = "Cape Verde" in 9880
- replace countryname = "Cape Verde" in 9881
- replace countryname = "Cape Verde" in 9882
- replace countryname = "Cape Verde" in 9883
- replace countryname = "Cape Verde" in 9884
- replace countryname = "Cape Verde" in 9885
- replace countryname = "Cape Verde" in 9886
- replace countryname = "Cape Verde" in 9887
- replace countryname = "Cape Verde" in 9888
- replace countryname = "Cape Verde" in 9889
- replace countryname = "Cape Verde" in 9890
- replace countryname = "Cape Verde" in 9891
- replace countryname = "Cape Verde" in 9892
- replace countryname = "Cape Verde" in 9893
- replace countryname = "Cape Verde" in 9894
- replace countryname = "Cape Verde" in 9895
- replace countryname = "Cape Verde" in 9896
- replace countryname = "Cape Verde" in 9897
- replace countryname = "Cape Verde" in 9898
- replace countryname = "Cape Verde" in 9899
- replace countryname = "Cape Verde" in 9900
- replace countryname = "Cape Verde" in 9901
- replace countryname = "Cape Verde" in 9902
- replace countryname = "Cape Verde" in 9903
- replace countryname = "Cape Verde" in 9904
- replace countryname = "Cape Verde" in 9905
- replace countryname = "Cape Verde" in 9906
- replace countryname = "Cape Verde" in 9907
- replace countryname = "Cape Verde" in 9908
- replace countryname = "Cape Verde" in 9909
- replace countryname = "Cape Verde" in 9910
- replace countryname = "Cape Verde" in 9911
- replace countryname = "Cape Verde" in 9912
- replace countryname = "Cape Verde" in 9913
- replace countryname = "Cape Verde" in 9914
- replace countryname = "Cape Verde" in 9915
- replace countryname = "Cape Verde" in 9916
- set obs 9917
- replace countryname = "Cape Verde" in 9917
- replace countryname = "" in 9917

{com}. sort countryname year

. edit
{txt}- preserve
- drop in 1
- replace var4 = 1 in 1723
- replace var4 = 1 in 1724
- replace var4 = 1 in 1884
- replace var4 = 1 in 1885
- replace var4 = 1 in 1893
- replace var4 = 1 in 1894
- replace var4 = 1 in 1928
- replace var4 = 1 in 1929
- replace var4 = 1 in 1935
- replace var4 = 1 in 1936
- set obs 9917
- replace countryname = "Colombia" in 9917
(1 var, 67 obs pasted into editor)
- replace countryname = "Colombia" in 9918
- replace countryname = "Colombia" in 9919
- replace countryname = "Colombia" in 9920
- replace countryname = "Colombia" in 9921
- replace countryname = "Colombia" in 9922
- replace countryname = "Colombia" in 9923
- replace countryname = "Colombia" in 9924
- replace countryname = "Colombia" in 9925
- replace countryname = "Colombia" in 9926
- replace countryname = "Colombia" in 9927
- replace countryname = "Colombia" in 9928
- replace countryname = "Colombia" in 9929
- replace countryname = "Colombia" in 9930
- replace countryname = "Colombia" in 9931
- replace countryname = "Colombia" in 9932
- replace countryname = "Colombia" in 9933
- replace countryname = "Colombia" in 9934
- replace countryname = "Colombia" in 9935
- replace countryname = "Colombia" in 9936
- replace countryname = "Colombia" in 9937
- replace countryname = "Colombia" in 9938
- replace countryname = "Colombia" in 9939
- replace countryname = "Colombia" in 9940
- replace countryname = "Colombia" in 9941
- replace countryname = "Colombia" in 9942
- replace countryname = "Colombia" in 9943
- replace countryname = "Colombia" in 9944
- replace countryname = "Colombia" in 9945
- replace countryname = "Colombia" in 9946
- replace countryname = "Colombia" in 9947
- replace countryname = "Colombia" in 9948
- replace countryname = "Colombia" in 9949
- replace countryname = "Colombia" in 9950
- replace countryname = "Colombia" in 9951
- replace countryname = "Colombia" in 9952
- replace countryname = "Colombia" in 9953
- replace countryname = "Colombia" in 9954
- replace countryname = "Colombia" in 9955
- replace countryname = "Colombia" in 9956
- replace countryname = "Colombia" in 9957
- replace countryname = "Colombia" in 9958
- replace countryname = "Colombia" in 9959
- replace countryname = "Colombia" in 9960
- replace countryname = "Colombia" in 9961
- replace countryname = "Colombia" in 9962
- replace countryname = "Colombia" in 9963
- replace countryname = "Colombia" in 9964
- replace countryname = "Colombia" in 9965
- replace countryname = "Colombia" in 9966
- replace countryname = "Colombia" in 9967
- replace countryname = "Colombia" in 9968
- replace countryname = "Colombia" in 9969
- replace countryname = "Colombia" in 9970
- replace countryname = "Colombia" in 9971
- replace countryname = "Colombia" in 9972
- replace countryname = "Colombia" in 9973
- replace countryname = "Colombia" in 9974
- replace countryname = "Colombia" in 9975
- replace countryname = "Colombia" in 9976
- replace countryname = "Colombia" in 9977
- replace countryname = "Colombia" in 9978
- replace countryname = "Colombia" in 9979
- replace countryname = "Colombia" in 9980
- replace countryname = "Colombia" in 9981
- replace countryname = "Colombia" in 9982
- replace countryname = "Colombia" in 9983

{com}. sort countryname year

. edit
{txt}- preserve
- replace var4 = 1 in 2013
- replace var4 = 1 in 2014
- replace var4 = 1 in 2019
- replace var4 = 1 in 2020
- replace var4 = 1 in 2023
- replace var4 = 1 in 2024
- replace var4 = 1 in 2035
- replace var4 = 1 in 2036
- replace var4 = 1 in 2055
- replace var4 = 1 in 2056
- replace var4 = 1 in 2067
- replace var4 = 1 in 2068
- replace var4 = 1 in 2119
- replace var4 = 1 in 2120
- replace var4 = 1 in 2139
- replace var4 = 1 in 2140
- replace var4 = 1 in 2241
- replace var4 = 1 in 2242
- replace var4 = 1 in 2264
- replace var4 = 1 in 2265
- replace var4 = 1 in 2275
- replace var4 = 1 in 2276
- replace var4 = 1 in 2298
- replace var4 = 1 in 2299
- replace var4 = 1 in 2324
- replace var4 = 1 in 2325
- replace var4 = 1 in 2409
- replace var4 = 1 in 2410
- replace var4 = 1 in 2417
- replace var4 = 1 in 2418
- replace var4 = 1 in 2424
- replace var4 = 1 in 2425
- replace var4 = 1 in 2458
- replace var4 = 1 in 2459
- replace var4 = 1 in 2596
- replace var4 = 1 in 2597
- replace var4 = 1 in 2566
- replace var4 = 1 in 2580
- replace var4 = 1 in 2581
- replace var4 = 1 in 2182
- replace var4 = 1 in 2183
- replace var4 = 1 in 2190
- replace var4 = 1 in 2191
- replace var4 = 1 in 2622
- replace var4 = 1 in 2623
- replace var4 = 1 in 2636
- replace var4 = 1 in 2637
- replace var4 = 1 in 2654
- replace var4 = 1 in 2655
- replace var4 = 1 in 2674
- replace var4 = 1 in 2675
- replace var4 = 1 in 2729
- replace var4 = 1 in 2730
- replace var4 = 1 in 2820
- replace var4 = 1 in 2821
- replace var4 = 1 in 2830
- replace var4 = 1 in 2831
- replace var4 = 1 in 2861
- replace var4 = 1 in 2862
- replace var4 = 1 in 2883
- replace var4 = 1 in 2886
- replace var4 = 1 in 2887
- replace var4 = 1 in 2921
- replace var4 = 1 in 2922
- replace var4 = 1 in 2933
- replace var4 = 1 in 2934
- replace var4 = 1 in 3172
- replace var4 = 1 in 3173
- replace var4 = 1 in 3194
- replace var4 = 1 in 3195
- replace var4 = 1 in 3308
- replace var4 = 1 in 3309
- replace var4 = 1 in 3328
- replace var4 = 1 in 3329
- replace var4 = 1 in 3471
- replace var4 = 1 in 3472
- replace var4 = 1 in 3451
- replace var4 = 1 in 3452
- replace var4 = 1 in 3483
- replace var4 = 1 in 3484
- replace var4 = 1 in 3538
- replace var4 = 1 in 3539
- replace var4 = 1 in 3651
- replace var4 = 1 in 3652
- replace var4 = 1 in 3661
- replace var4 = 1 in 3662
- replace var4 = 1 in 3669
- replace var4 = 1 in 3670
- replace var4 = 1 in 3677
- replace var4 = 1 in 3678
- replace var4 = 1 in 3703
- replace var4 = 1 in 3704
(1 var, 224 obs pasted into editor)
- replace var4 = 1 in 3727
- replace var4 = 1 in 3728
- replace var4 = 1 in 3747
- replace var4 = 1 in 3748
- replace var4 = 1 in 3760
- replace var4 = 1 in 3761
- replace var4 = 1 in 3813
- replace var4 = 1 in 3814
- replace var4 = 1 in 3914
- replace var4 = 1 in 3915
- replace var4 = 1 in 3944
- replace var4 = 1 in 3945
- replace var4 = 1 in 4005
- replace var4 = 1 in 4006
- replace var4 = 1 in 4051
- replace var4 = 1 in 4052
- replace var4 = 1 in 4058
- replace var4 = 1 in 4059
- replace var4 = 1 in 4205
- replace var4 = 1 in 4206
- replace var4 = 1 in 4245
- replace var4 = 1 in 4246
- replace var4 = 1 in 4269
- replace var4 = 1 in 4270
- replace var4 = 1 in 4294
- replace var4 = 1 in 4295
- replace var4 = 1 in 4311
- replace var4 = 1 in 4312
- replace var4 = 1 in 4316
- replace var4 = 1 in 4317
- replace var4 = 1 in 4321
- replace var4 = 1 in 4322
- replace var4 = 1 in 4328
- replace var4 = 1 in 4329
- replace var4 = 1 in 4335
- replace var4 = 1 in 4336
- replace var4 = 1 in 4384
- replace var4 = 1 in 4385
- replace var4 = 1 in 4406
- replace var4 = 1 in 4407
- replace var4 = 1 in 4418
- replace var4 = 1 in 4419
- replace var4 = 1 in 4433
- replace var4 = 1 in 4434
- replace var4 = 1 in 4502
- replace var4 = 1 in 4503
- replace var4 = 1 in 4519
- replace var4 = 1 in 4520
- replace var4 = 1 in 4574
- replace var4 = 1 in 4593
- replace var4 = 1 in 4594
- replace var4 = 1 in 4613
- replace var4 = 1 in 4614
- replace var4 = 1 in 4638
- replace var4 = 1 in 4639
- replace var4 = 1 in 4650
- replace var4 = 1 in 4651
- replace var4 = 1 in 4654
- replace var4 = 1 in 4655
- replace var4 = 1 in 4666
- replace var4 = 1 in 4667
- replace var4 = 1 in 4674
- replace var4 = 1 in 4675
- replace var4 = 1 in 4686
- replace var4 = 1 in 4687
- replace var4 = 1 in 4725
- replace var4 = 1 in 4726
- replace var4 = 1 in 4746
- replace var4 = 1 in 4747
- replace var4 = 1 in 4771
- replace var4 = 1 in 4772
- replace var4 = 1 in 4779
- replace var4 = 1 in 4780
- replace var4 = 1 in 4784
- replace var4 = 1 in 4785
- replace var4 = 1 in 4788
- replace var4 = 1 in 4789
- replace var4 = 1 in 4794
- replace var4 = 1 in 4795
- replace var4 = 1 in 4800
- replace var4 = 1 in 4801
- replace var4 = 1 in 4805
- replace var4 = 1 in 4806
- replace var4 = 1 in 4810
- replace var4 = 1 in 4811
- replace var4 = 1 in 4818
- replace var4 = 1 in 4819
- replace var4 = 1 in 4822
- replace var4 = 1 in 4823
- replace var4 = 1 in 4845
- replace var4 = 1 in 4846
- replace var4 = 1 in 4862
- replace var4 = 1 in 4863
- replace var4 = 1 in 4987
- replace var4 = 1 in 4988
- replace var4 = 1 in 5011
- replace var4 = 1 in 5012
- replace var4 = 1 in 5126
- replace var4 = 1 in 5127
- replace var4 = 1 in 5369
- replace var4 = 1 in 5370
- replace var4 = 1 in 5426
- replace var4 = 1 in 5427
- replace var4 = 1 in 5511
- replace var4 = 1 in 5593
- replace var4 = 1 in 5594
- replace var4 = 1 in 5625
- replace var4 = 1 in 5626
(1 var, 67 obs pasted into editor)
- replace countryname = "Madagascar" in 9984
- replace countryname = "Madagascar" in 9985
- replace countryname = "Madagascar" in 9986
- replace countryname = "Madagascar" in 9987
- replace countryname = "Madagascar" in 9988
- replace countryname = "Madagascar" in 9989
- replace countryname = "Madagascar" in 9990
- replace countryname = "Madagascar" in 9991
- replace countryname = "Madagascar" in 9992
- replace countryname = "Madagascar" in 9993
- replace countryname = "Madagascar" in 9994
- replace countryname = "Madagascar" in 9995
- replace countryname = "Madagascar" in 9996
- replace countryname = "Madagascar" in 9997
- replace countryname = "Madagascar" in 9998
- replace countryname = "Madagascar" in 9999
- replace countryname = "Madagascar" in 10000
- replace countryname = "Madagascar" in 10001
- replace countryname = "Madagascar" in 10002
- replace countryname = "Madagascar" in 10003
- replace countryname = "Madagascar" in 10004
- replace countryname = "Madagascar" in 10005
- replace countryname = "Madagascar" in 10006
- replace countryname = "Madagascar" in 10007
- replace countryname = "Madagascar" in 10008
- replace countryname = "Madagascar" in 10009
- replace countryname = "Madagascar" in 10010
- replace countryname = "Madagascar" in 10011
- replace countryname = "Madagascar" in 10012
- replace countryname = "Madagascar" in 10013
- replace countryname = "Madagascar" in 10014
- replace countryname = "Madagascar" in 10015
- replace countryname = "Madagascar" in 10016
- replace countryname = "Madagascar" in 10017
- replace countryname = "Madagascar" in 10018
- replace countryname = "Madagascar" in 10019
- replace countryname = "Madagascar" in 10020
- replace countryname = "Madagascar" in 10021
- replace countryname = "Madagascar" in 10022
- replace countryname = "Madagascar" in 10023
- replace countryname = "Madagascar" in 10024
- replace countryname = "Madagascar" in 10025
- replace countryname = "Madagascar" in 10026
- replace countryname = "Madagascar" in 10028
- replace countryname = "Madagascar" in 10029
- replace countryname = "Madagascar" in 10027
- replace countryname = "Madagascar" in 10030
- replace countryname = "Madagascar" in 10031
- replace countryname = "Madagascar" in 10032
- replace countryname = "Madagascar" in 10033
- replace countryname = "Madagascar" in 10034
- replace countryname = "Madagascar" in 10035
- replace countryname = "Madagascar" in 10036
- replace countryname = "Madagascar" in 10037
- replace countryname = "Madagascar" in 10038
- replace countryname = "Madagascar" in 10039
- replace countryname = "Madagascar" in 10040
- replace countryname = "Madagascar" in 10041
- replace countryname = "Madagascar" in 10042
- replace countryname = "Madagascar" in 10043
- replace countryname = "Madagascar" in 10044
- replace countryname = "Madagascar" in 10045
- replace countryname = "Madagascar" in 10046
- replace countryname = "Madagascar" in 10047
- replace countryname = "Madagascar" in 10048
- replace countryname = "Madagascar" in 10049
- replace countryname = "Madagascar" in 10050
- replace var4 = 1 in 10024
- replace var4 = 1 in 10025

{com}. sort countryname year

. edit
{txt}- preserve
- replace var4 = 1 in 5917
- replace var4 = 1 in 5941
- replace var4 = 1 in 5942
- replace var4 = 1 in 5951
- replace var4 = 1 in 5952
- replace var4 = 1 in 5985
- replace var4 = 1 in 5986
- replace var4 = 1 in 6020
- replace var4 = 1 in 6021
- replace var4 = 1 in 6019
- replace var4 = . in 6021
(1 var, 67 obs pasted into editor)
- replace countryname = "Malta" in 10051
- replace countryname = "Malta" in 10052
- replace countryname = "Malta" in 10053
- replace countryname = "Malta" in 10054
- replace countryname = "Malta" in 10055
- replace countryname = "Malta" in 10056
- replace countryname = "Malta" in 10057
- replace countryname = "Malta" in 10058
- replace countryname = "Malta" in 10059
- replace countryname = "Malta" in 10060
- replace countryname = "Malta" in 10061
- replace countryname = "Malta" in 10062
- replace countryname = "Malta" in 10063
- replace countryname = "Malta" in 10064
- replace countryname = "Malta" in 10065
- replace countryname = "Malta" in 10066
- replace countryname = "Malta" in 10067
- replace countryname = "Malta" in 10068
- replace countryname = "Malta" in 10069
- replace countryname = "Malta" in 10070
- replace countryname = "Malta" in 10071
- replace countryname = "Malta" in 10072
- replace countryname = "Malta" in 10073
- replace countryname = "Malta" in 10074
- replace countryname = "Malta" in 10075
- replace countryname = "Malta" in 10076
- replace countryname = "Malta" in 10077
- replace countryname = "Malta" in 10078
- replace countryname = "Malta" in 10079
- replace countryname = "Malta" in 10080
- replace countryname = "Malta" in 10081
- replace countryname = "Malta" in 10082
- replace countryname = "Malta" in 10083
- replace countryname = "Malta" in 10084
- replace countryname = "Malta" in 10085
- replace countryname = "Malta" in 10086
- replace countryname = "Malta" in 10087
- replace countryname = "Malta" in 10088
- replace countryname = "Malta" in 10089
- replace countryname = "Malta" in 10090
- replace countryname = "Malta" in 10091
- replace countryname = "Malta" in 10092
- replace countryname = "Malta" in 10093
- replace countryname = "Malta" in 10094
- replace countryname = "Malta" in 10095
- replace countryname = "Malta" in 10096
- replace countryname = "Malta" in 10097
- replace countryname = "Malta" in 10098
- replace countryname = "Malta" in 10099
- replace countryname = "Malta" in 10100
- replace countryname = "Malta" in 10101
- replace countryname = "Malta" in 10102
- replace countryname = "Malta" in 10103
- replace countryname = "Malta" in 10104
- replace countryname = "Malta" in 10105
- replace countryname = "Malta" in 10106
- replace countryname = "Malta" in 10107
- replace countryname = "Malta" in 10108
- replace countryname = "Malta" in 10109
- replace countryname = "Malta" in 10110
- replace countryname = "Malta" in 10111
- replace countryname = "Malta" in 10112
- replace countryname = "Malta" in 10113
- replace countryname = "Malta" in 10114
- replace countryname = "Malta" in 10115
- replace countryname = "Malta" in 10116
- replace countryname = "Malta" in 10117
- replace var4 = 1 in 10089
- replace var4 = 1 in 10090

{com}. edit
{txt}- preserve

{com}. sort countryname year

. edit
{txt}- preserve
- replace var4 = 1 in 6127
- replace var4 = 1 in 6128
- replace var4 = 1 in 6197
- replace var4 = 1 in 6198
- replace var4 = 1 in 6221
- replace var4 = 1 in 6222
- replace var4 = 1 in 6233
- replace var4 = 1 in 6267
- replace var4 = 1 in 6268
- replace var4 = 1 in 6289
- replace var4 = 1 in 6290
- replace var4 = 1 in 6296
- replace var4 = 1 in 6297
- replace var4 = 1 in 6451
- replace var4 = 1 in 6452
- replace var4 = 1 in 6480
- replace var4 = 1 in 6481
- replace var4 = 1 in 6688
- replace var4 = 1 in 6689
- replace var4 = 1 in 6725
- replace var4 = 1 in 6726
- replace var4 = 1 in 6744
- replace var4 = 1 in 6745
- replace var4 = 1 in 6769
- replace var4 = 1 in 6774
- replace var4 = 1 in 6775
- replace var4 = 1 in 6788
- replace var4 = 1 in 6789
- replace var4 = 1 in 6806
- replace var4 = 1 in 6807
- replace var4 = 1 in 6822
- replace var4 = 1 in 6823
- replace var4 = 1 in 6844
- replace var4 = 1 in 6845
- replace var4 = 1 in 6856
- replace var4 = 1 in 6883
- replace var4 = 1 in 6884
- replace var4 = 1 in 6927
- replace var4 = 1 in 6928
- replace var4 = 1 in 6940
- replace var4 = 1 in 6941
- replace var4 = 1 in 7004
- replace var4 = 1 in 7005
- replace var4 = 1 in 7057
- replace var4 = 1 in 7058
- replace var4 = 1 in 7069
- replace var4 = 1 in 7070
- replace var4 = 1 in 7085
- replace var4 = 1 in 7086
- replace var4 = 1 in 7101
- replace var4 = 1 in 7102
- replace var4 = 1 in 7107
- replace var4 = 1 in 7108
- replace var4 = 1 in 7121
- replace var4 = 1 in 7122
- replace var4 = 1 in 7137
- replace var4 = 1 in 7138
- replace var4 = 1 in 7159
- replace var4 = 1 in 7160
- replace var4 = 1 in 7219
- replace var4 = 1 in 7220
- replace var4 = 1 in 7244
- replace var4 = 1 in 7245
- replace var4 = 1 in 7260
- replace var4 = 1 in 7261
- replace var4 = 1 in 7268
- replace var4 = 1 in 7269
- replace var4 = 1 in 7275
- replace var4 = 1 in 7276
- replace var4 = 1 in 7285
- replace var4 = 1 in 7286
- replace var4 = 1 in 7295
- replace var4 = 1 in 7296
- replace var4 = 1 in 7317
- replace var4 = 1 in 7318
- replace var4 = 1 in 7331
- replace var4 = 1 in 7332
- replace var4 = 1 in 7335
- replace var4 = 1 in 7336
- replace var4 = 1 in 7340
- replace var4 = 1 in 7341
- replace var4 = 1 in 7366
- replace var4 = 1 in 7367
- replace var4 = 1 in 7461
- replace var4 = 1 in 7462
- replace var4 = 1 in 7515
- replace var4 = 1 in 7516
- replace var4 = 1 in 7533
- replace var4 = 1 in 7534
- replace var4 = 1 in 7544
- replace var4 = 1 in 7545
- replace var4 = 1 in 7566
- replace var4 = 1 in 7567
(1 var, 67 obs pasted into editor)
- replace countryname = "Philippines" in 10118
- replace countryname = "Philippines" in 10119
- replace countryname = "Philippines" in 10120
- replace countryname = "Philippines" in 10121
- replace countryname = "Philippines" in 10122
- replace countryname = "Philippines" in 10123
- replace countryname = "Philippines" in 10124
- replace countryname = "Philippines" in 10125
- replace countryname = "Philippines" in 10126
- replace countryname = "Philippines" in 10127
- replace countryname = "Philippines" in 10128
- replace countryname = "Philippines" in 10129
- replace countryname = "Philippines" in 10130
- replace countryname = "Philippines" in 10131
- replace countryname = "Philippines" in 10132
- replace countryname = "Philippines" in 10133
- replace countryname = "Philippines" in 10134
- replace countryname = "Philippines" in 10135
- replace countryname = "Philippines" in 10136
- replace countryname = "Philippines" in 10137
- replace countryname = "Philippines" in 10138
- replace countryname = "Philippines" in 10139
- replace countryname = "Philippines" in 10140
- replace countryname = "Philippines" in 10141
- replace countryname = "Philippines" in 10142
- replace countryname = "Philippines" in 10143
- replace countryname = "Philippines" in 10144
- replace countryname = "Philippines" in 10145
- replace countryname = "Philippines" in 10146
- replace countryname = "Philippines" in 10147
- replace countryname = "Philippines" in 10148
- replace countryname = "Philippines" in 10149
- replace countryname = "Philippines" in 10150
- replace countryname = "Philippines" in 10151
- replace countryname = "Philippines" in 10152
- replace countryname = "Philippines" in 10153
- replace countryname = "Philippines" in 10154
- replace countryname = "Philippines" in 10155
- replace countryname = "Philippines" in 10156
- replace countryname = "Philippines" in 10157
- replace countryname = "Philippines" in 10158
- replace countryname = "Philippines" in 10159
- replace countryname = "Philippines" in 10160
- replace countryname = "Philippines" in 10161
- replace countryname = "Philippines" in 10162
- replace countryname = "Philippines" in 10163
- replace countryname = "Philippines" in 10164
- replace countryname = "Philippines" in 10165
- replace countryname = "Philippines" in 10166
- replace countryname = "Philippines" in 10167
- replace countryname = "Philippines" in 10168
- replace countryname = "Philippines" in 10169
- replace countryname = "Philippines" in 10170
- replace countryname = "Philippines" in 10171
- replace countryname = "Philippines" in 10172
- replace countryname = "Philippines" in 10173
- replace countryname = "Philippines" in 10174
- replace countryname = "Philippines" in 10175
- replace countryname = "Philippines" in 10176
- replace countryname = "Philippines" in 10177
- replace countryname = "Philippines" in 10178
- replace countryname = "Philippines" in 10179
- replace countryname = "Philippines" in 10180
- replace countryname = "Philippines" in 10181
- replace countryname = "Philippines" in 10182
- replace countryname = "Philippines" in 10183
- replace countryname = "Philippines" in 10184
- replace var4 = 1 in 10130
- replace var4 = 1 in 10136
- replace var4 = 1 in 10153
- replace var4 = 1 in 10154
- replace var4 = 1 in 10177
- replace var4 = 1 in 10178

{com}. sort countryname year

. edit
{txt}- preserve
- replace var4 = 1 in 7640
- replace var4 = 1 in 7641
- replace var4 = 1 in 7654
- replace var4 = 1 in 7664
- replace var4 = 1 in 7665
- replace var4 = 1 in 7676
- replace var4 = 1 in 7677
- replace var4 = 1 in 7690
- replace var4 = 1 in 7691
- replace var4 = 1 in 7740
- replace var4 = 1 in 7741
- replace var4 = 1 in 7758
- replace var4 = 1 in 7759
(1 var, 67 obs pasted into editor)
- replace countryname = "Qatar" in 10185
- replace countryname = "Qatar" in 10186
- replace countryname = "Qatar" in 10187
- replace countryname = "Qatar" in 10188
- replace countryname = "Qatar" in 10189
- replace countryname = "Qatar" in 10190
- replace countryname = "Qatar" in 10191
- replace countryname = "Qatar" in 10192
- replace countryname = "Qatar" in 10193
- replace countryname = "Qatar" in 10194
- replace countryname = "Qatar" in 10195
- replace countryname = "Qatar" in 10196
- replace countryname = "Qatar" in 10197
- replace countryname = "Qatar" in 10198
- replace countryname = "Qatar" in 10199
- replace countryname = "Qatar" in 10200
- replace countryname = "Qatar" in 10201
- replace countryname = "Qatar" in 10202
- replace countryname = "Qatar" in 10203
- replace countryname = "Qatar" in 10204
- replace countryname = "Qatar" in 10205
- replace countryname = "Qatar" in 10206
- replace countryname = "Qatar" in 10207
- replace countryname = "Qatar" in 10208
- replace countryname = "Qatar" in 10209
- replace countryname = "Qatar" in 10210
- replace countryname = "Qatar" in 10211
- replace countryname = "Qatar" in 10212
- replace countryname = "Qatar" in 10213
- replace countryname = "Qatar" in 10214
- replace countryname = "Qatar" in 10215
- replace countryname = "Qatar" in 10216
- replace countryname = "Qatar" in 10217
- replace countryname = "Qatar" in 10218
- replace countryname = "Qatar" in 10219
- replace countryname = "Qatar" in 10220
- replace countryname = "Qatar" in 10221
- replace countryname = "Qatar" in 10222
- replace countryname = "Qatar" in 10223
- replace countryname = "Qatar" in 10224
- replace countryname = "Qatar" in 10225
- replace countryname = "Qatar" in 10226
- replace countryname = "Qatar" in 10227
- replace countryname = "Qatar" in 10228
- replace countryname = "Qatar" in 10229
- replace countryname = "Qatar" in 10230
- replace countryname = "Qatar" in 10231
- replace countryname = "Qatar" in 10232
- replace countryname = "Qatar" in 10233
- replace countryname = "Qatar" in 10234
- replace countryname = "Qatar" in 10235
- replace countryname = "Qatar" in 10236
- replace countryname = "Qatar" in 10237
- replace countryname = "Qatar" in 10238
- replace countryname = "Qatar" in 10239
- replace countryname = "Qatar" in 10240
- replace countryname = "Qatar" in 10241
- replace countryname = "Qatar" in 10242
- replace countryname = "Qatar" in 10243
- replace countryname = "Qatar" in 10244
- replace countryname = "Qatar" in 10245
- replace countryname = "Qatar" in 10246
- replace countryname = "Qatar" in 10247
- replace countryname = "Qatar" in 10248
- replace countryname = "Qatar" in 10249
- replace countryname = "Qatar" in 10250
- replace countryname = "Qatar" in 10251
- set obs 10252
- replace countryname = "Qatar" in 10252
- replace countryname = "" in 10252
- drop in 10252
- replace var4 = 1 in 10246
- replace var4 = 1 in 10247

{com}. sort countryname year

. edit
{txt}- preserve
- replace var4 = 1 in 5077
- replace var4 = 1 in 5078
- replace var4 = 1 in 7857
- replace var4 = 1 in 7871
- replace var4 = 1 in 7872
- replace var4 = 1 in 7885
- replace var4 = 1 in 7886
- replace var4 = 1 in 7899
- replace var4 = 1 in 7900
- replace var4 = 1 in 8023
- replace var4 = 1 in 8024
- replace var4 = 1 in 8131
- replace var4 = 1 in 8132
- replace var4 = 1 in 8151
- replace var4 = 1 in 8152
- replace var4 = 1 in 8200
- replace var4 = 1 in 8201
- replace var4 = 1 in 8298
- replace var4 = 1 in 8299
- replace var4 = 1 in 8370
- replace var4 = 1 in 8371
- replace var4 = 1 in 8429
- replace var4 = 1 in 8430
- replace var4 = 1 in 8469
- replace var4 = 1 in 8470
- replace var4 = 1 in 8572
- replace var4 = 1 in 8573
- replace var4 = 1 in 8601
- replace var4 = 1 in 8602
- replace var4 = 1 in 8613
- replace var4 = 1 in 8614
- replace var4 = 1 in 8625
- replace var4 = 1 in 8626
- replace var4 = 1 in 8635
- replace var4 = 1 in 8636
- replace var4 = 1 in 8660
- replace var4 = 1 in 8661
- replace var4 = 1 in 8671
- replace var4 = 1 in 8672
- replace var4 = 1 in 8738
- replace var4 = 1 in 8739
- replace var4 = 1 in 8857
- replace var4 = 1 in 8858
- replace var4 = 1 in 8875
- replace var4 = 1 in 8876
- replace var4 = 1 in 8897
- replace var4 = 1 in 8898
- replace var4 = 1 in 8991
- replace var4 = 1 in 8992
- replace var4 = . in 8991
- replace var4 = . in 8992
- replace var4 = 1 in 8981
- replace var4 = 1 in 8982
- replace var4 = 1 in 9004
- replace var4 = 1 in 9005
- replace var4 = 1 in 9036
- replace var4 = 1 in 9037
- replace var4 = 1 in 9220
- replace var4 = 1 in 9221
- replace var4 = 1 in 9284
- replace var4 = 1 in 9285
- replace var4 = . in 9287
- replace var4 = 1 in 9354
- replace var4 = 1 in 9355
- replace var4 = 1 in 9395
- replace var4 = 1 in 9396
- replace var4 = 1 in 9416
- replace var4 = 1 in 9417
- replace var4 = 1 in 9436
- replace var4 = 1 in 9437
- replace var4 = 1 in 9454
- replace var4 = 1 in 9455
- replace var4 = 1 in 9457
- replace var4 = 1 in 9458
- replace var4 = 1 in 9464
- replace var4 = . in 9465
- replace var4 = 1 in 9512
- replace var4 = 1 in 9513
- replace var4 = 1 in 9603
- replace var4 = 1 in 9618
- replace var4 = 1 in 9619
- replace var4 = 1 in 9646
- replace var4 = 1 in 9647
- replace var4 = 1 in 9652
- replace var4 = 1 in 9653
- replace var4 = 1 in 9688
- replace var4 = 1 in 9689
- replace var4 = 1 in 9704
- replace var4 = 1 in 9705
(1 var, 67 obs pasted into editor)
- replace countryname = "United Arab Emirates" in 10252
- replace countryname = "United Arab Emirates" in 10253
- replace countryname = "United Arab Emirates" in 10254
- replace countryname = "United Arab Emirates" in 10255
- replace countryname = "United Arab Emirates" in 10256
- replace countryname = "United Arab Emirates" in 10257
- replace countryname = "United Arab Emirates" in 10258
- replace countryname = "United Arab Emirates" in 10259
- replace countryname = "United Arab Emirates" in 10260
- replace countryname = "United Arab Emirates" in 10261
- replace countryname = "United Arab Emirates" in 10262
- replace countryname = "United Arab Emirates" in 10263
- replace countryname = "United Arab Emirates" in 10264
- replace countryname = "United Arab Emirates" in 10265
- replace countryname = "United Arab Emirates" in 10266
- replace countryname = "United Arab Emirates" in 10267
- replace countryname = "United Arab Emirates" in 10268
- replace countryname = "United Arab Emirates" in 10269
- replace countryname = "United Arab Emirates" in 10270
- replace countryname = "United Arab Emirates" in 10271
- replace countryname = "United Arab Emirates" in 10272
- replace countryname = "United Arab Emirates" in 10273
- replace countryname = "United Arab Emirates" in 10274
- replace countryname = "United Arab Emirates" in 10275
- replace countryname = "United Arab Emirates" in 10276
- replace countryname = "United Arab Emirates" in 10277
- replace countryname = "United Arab Emirates" in 10278
- replace countryname = "United Arab Emirates" in 10279
- replace countryname = "United Arab Emirates" in 10280
- replace countryname = "United Arab Emirates" in 10281
- replace countryname = "United Arab Emirates" in 10282
- replace countryname = "United Arab Emirates" in 10283
- replace countryname = "United Arab Emirates" in 10284
- replace countryname = "United Arab Emirates" in 10285
- replace countryname = "United Arab Emirates" in 10286
- replace countryname = "United Arab Emirates" in 10287
- replace countryname = "United Arab Emirates" in 10288
- replace countryname = "United Arab Emirates" in 10289
- replace countryname = "United Arab Emirates" in 10290
- replace countryname = "United Arab Emirates" in 10291
- replace countryname = "United Arab Emirates" in 10292
- replace countryname = "United Arab Emirates" in 10293
- replace countryname = "United Arab Emirates" in 10294
- replace countryname = "United Arab Emirates" in 10295
- replace countryname = "United Arab Emirates" in 10296
- replace countryname = "United Arab Emirates" in 10297
- replace countryname = "United Arab Emirates" in 10298
- replace countryname = "United Arab Emirates" in 10299
- replace countryname = "United Arab Emirates" in 10300
- replace countryname = "United Arab Emirates" in 10301
- replace countryname = "United Arab Emirates" in 10302
- replace countryname = "United Arab Emirates" in 10303
- replace countryname = "United Arab Emirates" in 10304
- replace countryname = "United Arab Emirates" in 10305
- replace countryname = "United Arab Emirates" in 10306
- replace countryname = "United Arab Emirates" in 10307
- replace countryname = "United Arab Emirates" in 10308
- replace countryname = "United Arab Emirates" in 10309
- replace countryname = "United Arab Emirates" in 10310
- replace countryname = "United Arab Emirates" in 10311
- replace countryname = "United Arab Emirates" in 10312
- replace countryname = "United Arab Emirates" in 10313
- replace countryname = "United Arab Emirates" in 10314
- replace countryname = "United Arab Emirates" in 10315
- replace countryname = "United Arab Emirates" in 10316
- replace countryname = "United Arab Emirates" in 10317
- replace countryname = "United Arab Emirates" in 10318
- replace var4 = 1 in 10293
- replace var4 = 1 in 10294

{com}. sort countryname year

. edit
{txt}- preserve
- replace var4 = 1 in 9143
- replace var4 = 1 in 9144
- replace var4 = 1 in 9173
- replace var4 = 1 in 9174
- replace var4 = 1 in 9937
- replace var4 = 1 in 9938
- replace var4 = 1 in 10068
- replace var4 = 1 in 10069
- replace var4 = 1 in 10083
- replace var4 = 1 in 10084
- replace var4 = 1 in 10092
- replace var4 = 1 in 10093
- replace var4 = 1 in 10098
- replace var4 = 1 in 10099

{com}. tab countryname

                            {txt}countryname {c |}      Freq.     Percent        Cum.
{hline 40}{c +}{hline 35}
                            Afghanistan {c |}{res}         67        0.65        0.65
                                {txt}Albania {c |}{res}         67        0.65        1.30
                                {txt}Algeria {c |}{res}         67        0.65        1.95
                                 {txt}Angola {c |}{res}         67        0.65        2.60
                              {txt}Argentina {c |}{res}         67        0.65        3.25
                                {txt}Armenia {c |}{res}         67        0.65        3.90
                              {txt}Australia {c |}{res}         67        0.65        4.55
                                {txt}Austria {c |}{res}         67        0.65        5.19
                             {txt}Azerbaijan {c |}{res}         67        0.65        5.84
                                {txt}Bahrain {c |}{res}         67        0.65        6.49
                             {txt}Bangladesh {c |}{res}         67        0.65        7.14
                  {txt}Belarus (Byelorussia) {c |}{res}         67        0.65        7.79
                                {txt}Belgium {c |}{res}         67        0.65        8.44
                                  {txt}Benin {c |}{res}         67        0.65        9.09
                                 {txt}Bhutan {c |}{res}         67        0.65        9.74
                                {txt}Bolivia {c |}{res}         67        0.65       10.39
                 {txt}Bosnia and Herzegovina {c |}{res}         67        0.65       11.04
                               {txt}Botswana {c |}{res}         67        0.65       11.69
                                 {txt}Brazil {c |}{res}         67        0.65       12.34
                               {txt}Bulgaria {c |}{res}         67        0.65       12.99
             {txt}Burkina Faso (Upper Volta) {c |}{res}         67        0.65       13.64
                                {txt}Burundi {c |}{res}         67        0.65       14.29
                   {txt}Cambodia (Kampuchea) {c |}{res}         67        0.65       14.94
                               {txt}Cameroon {c |}{res}         67        0.65       15.58
                                 {txt}Canada {c |}{res}         67        0.65       16.23
                             {txt}Cape Verde {c |}{res}         67        0.65       16.88
               {txt}Central African Republic {c |}{res}         67        0.65       17.53
                                   {txt}Chad {c |}{res}         67        0.65       18.18
                                  {txt}Chile {c |}{res}         67        0.65       18.83
                                  {txt}China {c |}{res}         67        0.65       19.48
                               {txt}Colombia {c |}{res}         67        0.65       20.13
                                  {txt}Congo {c |}{res}         67        0.65       20.78
  {txt}Congo, Democratic Republic of (Zaire) {c |}{res}         67        0.65       21.43
                             {txt}Costa Rica {c |}{res}         67        0.65       22.08
                          {txt}Cote D'Ivoire {c |}{res}         67        0.65       22.73
                                {txt}Croatia {c |}{res}         67        0.65       23.38
                                   {txt}Cuba {c |}{res}         67        0.65       24.03
                                 {txt}Cyprus {c |}{res}         67        0.65       24.68
                         {txt}Czechoslovakia {c |}{res}         67        0.65       25.32
                                {txt}Denmark {c |}{res}         67        0.65       25.97
                               {txt}Djibouti {c |}{res}         67        0.65       26.62
                     {txt}Dominican Republic {c |}{res}         67        0.65       27.27
                                {txt}Ecuador {c |}{res}         67        0.65       27.92
                                  {txt}Egypt {c |}{res}         67        0.65       28.57
                            {txt}El Salvador {c |}{res}         67        0.65       29.22
                                {txt}Eritrea {c |}{res}         67        0.65       29.87
                                {txt}Estonia {c |}{res}         67        0.65       30.52
                               {txt}Ethiopia {c |}{res}         67        0.65       31.17
                                   {txt}Fiji {c |}{res}         67        0.65       31.82
                                {txt}Finland {c |}{res}         67        0.65       32.47
                                 {txt}France {c |}{res}         67        0.65       33.12
                                  {txt}Gabon {c |}{res}         67        0.65       33.77
                                 {txt}Gambia {c |}{res}         67        0.65       34.42
                                {txt}Georgia {c |}{res}         67        0.65       35.06
                {txt}German Federal Republic {c |}{res}         67        0.65       35.71
                                  {txt}Ghana {c |}{res}         67        0.65       36.36
                                 {txt}Greece {c |}{res}         67        0.65       37.01
                              {txt}Guatemala {c |}{res}         67        0.65       37.66
                                 {txt}Guinea {c |}{res}         67        0.65       38.31
                          {txt}Guinea-Bissau {c |}{res}         67        0.65       38.96
                                 {txt}Guyana {c |}{res}         67        0.65       39.61
                                  {txt}Haiti {c |}{res}         67        0.65       40.26
                               {txt}Honduras {c |}{res}         67        0.65       40.91
                                {txt}Hungary {c |}{res}         67        0.65       41.56
                                  {txt}India {c |}{res}         67        0.65       42.21
                              {txt}Indonesia {c |}{res}         67        0.65       42.86
                          {txt}Iran (Persia) {c |}{res}         67        0.65       43.51
                                   {txt}Iraq {c |}{res}         67        0.65       44.16
                                {txt}Ireland {c |}{res}         67        0.65       44.81
                         {txt}Italy/Sardinia {c |}{res}         67        0.65       45.45
                                {txt}Jamaica {c |}{res}         67        0.65       46.10
                                  {txt}Japan {c |}{res}         67        0.65       46.75
                                 {txt}Jordan {c |}{res}         67        0.65       47.40
                             {txt}Kazakhstan {c |}{res}         67        0.65       48.05
                                  {txt}Kenya {c |}{res}         67        0.65       48.70
                     {txt}Korea, Republic of {c |}{res}         67        0.65       49.35
                                 {txt}Kuwait {c |}{res}         67        0.65       50.00
                        {txt}Kyrgyz Republic {c |}{res}         67        0.65       50.65
                                   {txt}Laos {c |}{res}         67        0.65       51.30
                                 {txt}Latvia {c |}{res}         67        0.65       51.95
                                {txt}Lebanon {c |}{res}         67        0.65       52.60
                                {txt}Lesotho {c |}{res}         67        0.65       53.25
                                {txt}Liberia {c |}{res}         67        0.65       53.90
                                  {txt}Libya {c |}{res}         67        0.65       54.55
                              {txt}Lithuania {c |}{res}         67        0.65       55.19
{txt}Macedonia (Former Yugoslav Republic of) {c |}{res}         67        0.65       55.84
                             {txt}Madagascar {c |}{res}         67        0.65       56.49
                                 {txt}Malawi {c |}{res}         67        0.65       57.14
                               {txt}Malaysia {c |}{res}         67        0.65       57.79
                                   {txt}Mali {c |}{res}         67        0.65       58.44
                                  {txt}Malta {c |}{res}         67        0.65       59.09
                             {txt}Mauritania {c |}{res}         67        0.65       59.74
                              {txt}Mauritius {c |}{res}         67        0.65       60.39
                                 {txt}Mexico {c |}{res}         67        0.65       61.04
                                {txt}Moldova {c |}{res}         67        0.65       61.69
                               {txt}Mongolia {c |}{res}         67        0.65       62.34
                                {txt}Morocco {c |}{res}         67        0.65       62.99
                             {txt}Mozambique {c |}{res}         67        0.65       63.64
                        {txt}Myanmar (Burma) {c |}{res}         67        0.65       64.29
                                {txt}Namibia {c |}{res}         67        0.65       64.94
                                  {txt}Nepal {c |}{res}         67        0.65       65.58
                            {txt}Netherlands {c |}{res}         67        0.65       66.23
                            {txt}New Zealand {c |}{res}         67        0.65       66.88
                              {txt}Nicaragua {c |}{res}         67        0.65       67.53
                                  {txt}Niger {c |}{res}         67        0.65       68.18
                                {txt}Nigeria {c |}{res}         67        0.65       68.83
                                 {txt}Norway {c |}{res}         67        0.65       69.48
                                   {txt}Oman {c |}{res}         67        0.65       70.13
                               {txt}Pakistan {c |}{res}         67        0.65       70.78
                                 {txt}Panama {c |}{res}         67        0.65       71.43
                       {txt}Papua New Guinea {c |}{res}         67        0.65       72.08
                               {txt}Paraguay {c |}{res}         67        0.65       72.73
                                   {txt}Peru {c |}{res}         67        0.65       73.38
                            {txt}Philippines {c |}{res}         67        0.65       74.03
                                 {txt}Poland {c |}{res}         67        0.65       74.68
                               {txt}Portugal {c |}{res}         67        0.65       75.32
                                  {txt}Qatar {c |}{res}         67        0.65       75.97
                                {txt}Rumania {c |}{res}         67        0.65       76.62
                  {txt}Russia (Soviet Union) {c |}{res}         67        0.65       77.27
                                 {txt}Rwanda {c |}{res}         67        0.65       77.92
                           {txt}Saudi Arabia {c |}{res}         67        0.65       78.57
                                {txt}Senegal {c |}{res}         67        0.65       79.22
                           {txt}Sierra Leone {c |}{res}         67        0.65       79.87
                              {txt}Singapore {c |}{res}         67        0.65       80.52
                               {txt}Slovakia {c |}{res}         67        0.65       81.17
                               {txt}Slovenia {c |}{res}         67        0.65       81.82
                                {txt}Somalia {c |}{res}         67        0.65       82.47
                           {txt}South Africa {c |}{res}         67        0.65       83.12
                                  {txt}Spain {c |}{res}         67        0.65       83.77
                     {txt}Sri Lanka (Ceylon) {c |}{res}         67        0.65       84.42
                                  {txt}Sudan {c |}{res}         67        0.65       85.06
                              {txt}Swaziland {c |}{res}         67        0.65       85.71
                                 {txt}Sweden {c |}{res}         67        0.65       86.36
                            {txt}Switzerland {c |}{res}         67        0.65       87.01
                                  {txt}Syria {c |}{res}         67        0.65       87.66
                             {txt}Tajikistan {c |}{res}         67        0.65       88.31
                    {txt}Tanzania/Tanganyika {c |}{res}         67        0.65       88.96
                               {txt}Thailand {c |}{res}         67        0.65       89.61
                                   {txt}Togo {c |}{res}         67        0.65       90.26
                    {txt}Trinidad and Tobago {c |}{res}         67        0.65       90.91
                                {txt}Tunisia {c |}{res}         67        0.65       91.56
                  {txt}Turkey/Ottoman Empire {c |}{res}         67        0.65       92.21
                           {txt}Turkmenistan {c |}{res}         67        0.65       92.86
                                 {txt}Uganda {c |}{res}         67        0.65       93.51
                                {txt}Ukraine {c |}{res}         67        0.65       94.16
                   {txt}United Arab Emirates {c |}{res}         67        0.65       94.81
                         {txt}United Kingdom {c |}{res}         67        0.65       95.45
               {txt}United States of America {c |}{res}         67        0.65       96.10
                                {txt}Uruguay {c |}{res}         67        0.65       96.75
                             {txt}Uzbekistan {c |}{res}         67        0.65       97.40
                              {txt}Venezuela {c |}{res}         67        0.65       98.05
                    {txt}Yugoslavia (Serbia) {c |}{res}         67        0.65       98.70
                                 {txt}Zambia {c |}{res}         67        0.65       99.35
                    {txt}Zimbabwe (Rhodesia) {c |}{res}         67        0.65      100.00
{txt}{hline 40}{c +}{hline 35}
                                  Total {c |}{res}     10,318      100.00

{com}. edit
{txt}- preserve
(1 var, 67 obs pasted into editor)
- replace countryname = "Vietnam" in 10319
- replace countryname = "Vietnam" in 10320
- replace countryname = "Vietnam" in 10321
- replace countryname = "Vietnam" in 10322
- replace countryname = "Vietnam" in 10323
- replace countryname = "Vietnam" in 10324
- replace countryname = "Vietnam" in 10325
- replace countryname = "Vietnam" in 10326
- replace countryname = "Vietnam" in 10327
- replace countryname = "Vietnam" in 10328
- replace countryname = "Vietnam" in 10329
- replace countryname = "Vietnam" in 10330
- replace countryname = "Vietnam" in 10331
- replace countryname = "Vietnam" in 10332
- replace countryname = "Vietnam" in 10333
- replace countryname = "Vietnam" in 10334
- replace countryname = "Vietnam" in 10335
- replace countryname = "Vietnam" in 10336
- replace countryname = "Vietnam" in 10337
- replace countryname = "Vietnam" in 10338
- replace countryname = "Vietnam" in 10339
- replace countryname = "Vietnam" in 10340
- replace countryname = "Vietnam" in 10341
- replace countryname = "Vietnam" in 10342
- replace countryname = "Vietnam" in 10343
- replace countryname = "Vietnam" in 10344
- replace countryname = "Vietnam" in 10345
- replace countryname = "Vietnam" in 10346
- replace countryname = "Vietnam" in 10347
- replace countryname = "Vietnam" in 10348
- replace countryname = "Vietnam" in 10349
- replace countryname = "Vietnam" in 10350
- replace countryname = "Vietnam" in 10351
- replace countryname = "Vietnam" in 10352
- replace countryname = "Vietnam" in 10353
- replace countryname = "Vietnam" in 10354
- replace countryname = "Vietnam" in 10355
- replace countryname = "Vietnam" in 10356
- replace countryname = "Vietnam" in 10357
- replace countryname = "Vietnam" in 10358
- replace countryname = "Vietnam" in 10359
- replace countryname = "Vietnam" in 10360
- replace countryname = "Vietnam" in 10361
- replace countryname = "Vietnam" in 10362
- replace countryname = "Vietnam" in 10363
- replace countryname = "Vietnam" in 10364
- replace countryname = "Vietnam" in 10365
- replace countryname = "Vietnam" in 10366
- replace countryname = "Vietnam" in 10367
- replace countryname = "Vietnam" in 10368
- replace countryname = "Vietnam" in 10369
- replace countryname = "Vietnam" in 10370
- replace countryname = "Vietnam" in 10371
- replace countryname = "Vietnam" in 10372
- replace countryname = "Vietnam" in 10373
- replace countryname = "Vietnam" in 10374
- replace countryname = "Vietnam" in 10375
- replace countryname = "Vietnam" in 10376
- replace countryname = "Vietnam" in 10377
- replace countryname = "Vietnam" in 10378
- replace countryname = "Vietnam" in 10379
- replace countryname = "Vietnam" in 10380
- replace countryname = "Vietnam" in 10381
- replace countryname = "Vietnam" in 10382
- replace countryname = "Vietnam" in 10383
- replace countryname = "Vietnam" in 10384
- replace countryname = "Vietnam" in 10385
- replace var4 = 1 in 10382
- replace var4 = 1 in 10383

{com}. sort countryname year

. edit
{txt}- preserve
- replace var4 = 1 in 10190
- replace var4 = 1 in 10191
- replace var4 = 1 in 10196
- replace var4 = 1 in 10212
- replace var4 = 1 in 10213
- replace var4 = 1 in 10228
- replace var4 = 1 in 10229
- replace var4 = 1 in 10276
- replace var4 = 1 in 10277
- replace var4 = 1 in 10286
- replace var4 = 1 in 10287
- replace var4 = 1 in 10294
- replace var4 = 1 in 10295
- replace var4 = 1 in 10357
- replace var4 = 1 in 10358
- replace var4 = 1 in 10365
- replace var4 = 1 in 10366

{com}. saveold "C:\Documents and Settings\R\Desktop\2.with Nielson\Aid and Civil Conflict\AJPS analysis\SC rotating members.dta"
{txt}file C:\Documents and Settings\R\Desktop\2.with Nielson\Aid and Civil Conflict\AJPS analysis\SC rotating members.dta saved

{com}. log close
       {txt}log:  {res}C:\Documents and Settings\R\Desktop\2.with Nielson\Aid and Civil Conflict\AJPS analysis\make UN SC member data.smcl
  {txt}log type:  {res}smcl
 {txt}closed on:  {res}16 Feb 2010, 23:44:19
{txt}{.-}
{smcl}
{txt}{sf}{ul off}